NAME                       BIB    SPLIT1      RANK    SPLIT2      RANK    FINISH      RANK
Eduardo, Elaina          00615     17:54         2     32:22         2     51:22         1
Idella, Jon              00014     17:57         3     32:22         2     56:26         5
Scott, Iona              00234     16:58         1     31:05         1     55:25         4
Trista, Bert             00227     20:40         4     34:55         4     52:41         2
Valeria, Joanne          00248     21:13         5     37:24         5     53:18         3

NAME                       BIB    SPLIT1      RANK    SPLIT2      RANK    FINISH      RANK
Brigette, Claudia        38522     25:21         3     30:36         2     45:09         2
Kellie, Thad             28712     23:50         2     33:31         3     53:21         3
Lesa, Bernardo           31183     23:15         1     29:28         1     41:17         1

