MechaGodzilla
MechaGodzilla
Godzilla
MechaGodzilla
MechaGodzilla
Godzilla
Godzilla
Godzilla
MechaGodzilla
MechaGodzilla
MechaGodzilla
MechaGodzilla
Godzilla
Godzilla
Godzilla
Godzilla
MechaGodzilla
Godzilla
Godzilla
Godzilla
Godzilla
MechaGodzilla
MechaGodzilla
Godzilla
Godzilla
MechaGodzilla
Godzilla
Godzilla
MechaGodzilla
MechaGodzilla
MechaGodzilla
Godzilla
Godzilla
Godzilla
MechaGodzilla
MechaGodzilla
Godzilla
Godzilla
MechaGodzilla
Godzilla
Godzilla
Godzilla
Godzilla
Godzilla
MechaGodzilla
Godzilla
Godzilla
Godzilla
MechaGodzilla
MechaGodzilla
